[2026-10-06T11:31:02] [*] Cowrie -> n8n forwarder started
[2026-10-06T11:31:02] [*] Watching: /cowrie/var/log/cowrie/cowrie.json
[2026-10-06T11:31:02] [*] Target:   http://n8n:5678/webhook/cowrie
[2026-10-06T11:31:02] [*] Telegram alerts: ENABLED
[2026-10-06T11:31:02] [*] Max session duration: 1800s (30 min)
[2026-10-06T11:31:09] [TG] conexion enviado (820 ms)
[2026-10-06T11:31:10] [TG] login_fallido enviado (810 ms)
[2026-10-06T11:31:11] [TG] conexion enviado (849 ms)
[2026-10-06T11:31:12] [TG] login_fallido enviado (810 ms)
[2026-10-06T11:31:13] [TG] conexion enviado (797 ms)
[2026-10-06T11:31:14] [TG] login_fallido enviado (800 ms)
[2026-10-06T11:31:15] [TG] conexion enviado (801 ms)
[2026-10-06T11:31:16] [TG] login_fallido enviado (795 ms)
[2026-10-06T11:31:17] [TG] conexion enviado (796 ms)
[2026-10-06T11:31:23] [TG] resumen enviado (803 ms)
[2026-10-06T11:31:24] [TG] conexion enviado (829 ms)
[2026-10-06T11:31:25] [TG] login_fallido enviado (815 ms)
[2026-10-06T11:31:26] [TG] conexion enviado (804 ms)
[2026-10-06T11:31:27] [TG] login_fallido enviado (818 ms)
[2026-10-06T11:31:28] [TG] conexion enviado (798 ms)
[2026-10-06T11:31:29] [TG] login_fallido enviado (822 ms)
[2026-10-06T11:31:30] [TG] conexion enviado (816 ms)
[2026-10-06T11:31:31] [TG] login_fallido enviado (787 ms)
[2026-10-06T11:31:32] [TG] conexion enviado (793 ms)
[2026-10-06T11:31:33] [TG] login_fallido enviado (834 ms)
[2026-10-06T11:31:35] [TG] conexion enviado (809 ms)
[2026-10-06T11:31:35] [TG] login_fallido enviado (789 ms)
[2026-10-06T11:31:37] [TG] conexion enviado (800 ms)
[2026-10-06T11:31:38] [TG] login_fallido enviado (839 ms)
[2026-10-06T11:43:31] [TG] conexion enviado (851 ms)
[2026-10-06T11:43:36] [TG] resumen enviado (803 ms)
[2026-10-06T11:43:41] [TG] conexion enviado (792 ms)
[2026-10-06T11:43:46] [TG] resumen rechazado HTTP 400: Bad Request: can't parse entities: Unsupported start tag "b'" at byte offset 203
[2026-10-06T11:43:51] [TG] conexion enviado (829 ms)
[2026-10-06T11:43:56] [TG] resumen enviado (796 ms)
