[2026-10-06T12:46:47] [*] Cowrie -> n8n forwarder started
[2026-10-06T12:46:47] [*] Watching: /cowrie/var/log/cowrie/cowrie.json
[2026-10-06T12:46:47] [*] Target:   http://n8n:5678/webhook/cowrie
[2026-10-06T12:46:47] [*] Telegram alerts: ENABLED
[2026-10-06T12:46:47] [*] Max session duration: 1800s (30 min)
[2026-10-06T12:46:47] [*] Se retoma el log desde la posición guardada (3235481 bytes)
[2026-10-06T12:50:59] [TG] conexion enviado (785 ms)
[2026-10-06T12:51:00] [TG] login_fallido enviado (822 ms)
[2026-10-06T12:51:01] [TG] conexion enviado (812 ms)
[2026-10-06T12:51:02] [TG] login_fallido enviado (824 ms)
[2026-10-06T12:51:03] [TG] conexion enviado (813 ms)
[2026-10-06T12:51:04] [TG] login_fallido enviado (791 ms)
[2026-10-06T12:51:06] [TG] conexion enviado (798 ms)
[2026-10-06T12:51:06] [TG] login_fallido enviado (815 ms)
[2026-10-06T12:51:08] [TG] conexion enviado (795 ms)
[2026-10-06T12:51:13] [TG] resumen enviado (794 ms)
[2026-10-06T12:51:14] [TG] conexion enviado (821 ms)
[2026-10-06T12:51:16] [TG] login_fallido enviado (1808 ms)
[2026-10-06T12:51:16] [TG] conexion enviado (812 ms)
[2026-10-06T12:51:17] [TG] login_fallido enviado (800 ms)
[2026-10-06T12:51:18] [TG] conexion enviado (785 ms)
[2026-10-06T12:51:19] [TG] login_fallido enviado (794 ms)
[2026-10-06T12:51:20] [TG] conexion enviado (808 ms)
[2026-10-06T12:51:21] [TG] login_fallido enviado (798 ms)
[2026-10-06T12:55:40] [TG] conexion enviado (783 ms)
[2026-10-06T12:55:41] [TG] login_fallido enviado (816 ms)
[2026-10-06T12:55:42] [TG] conexion enviado (794 ms)
[2026-10-06T12:55:43] [TG] login_fallido enviado (801 ms)
[2026-10-06T12:55:44] [TG] conexion enviado (788 ms)
[2026-10-06T12:55:45] [TG] login_fallido enviado (797 ms)
[2026-10-06T12:55:46] [TG] conexion enviado (808 ms)
[2026-10-06T12:55:47] [TG] login_fallido enviado (811 ms)
[2026-10-06T12:55:48] [TG] conexion enviado (782 ms)
[2026-10-06T12:55:49] [TG] login_fallido enviado (805 ms)
[2026-10-06T12:55:50] [TG] conexion enviado (838 ms)
[2026-10-06T12:55:51] [TG] login_fallido enviado (803 ms)
[2026-10-06T12:55:52] [TG] conexion enviado (785 ms)
[2026-10-06T12:55:58] [TG] resumen enviado (813 ms)
[2026-10-06T12:55:59] [TG] conexion enviado (795 ms)
[2026-10-06T12:56:00] [TG] login_fallido enviado (815 ms)
[2026-10-06T12:56:01] [TG] conexion enviado (810 ms)
[2026-10-06T12:56:02] [TG] login_fallido enviado (787 ms)
[2026-10-06T12:56:03] [TG] conexion enviado (802 ms)
[2026-10-06T12:56:04] [TG] login_fallido enviado (785 ms)
